Archive member included to satisfy reference by file (symbol)

C:/Program Files/ST/STM32CubeIDE_1.14.0/STM32CubeIDE/plugins/com.st.stm32cube.ide.mcu.externaltools.gnu-tools-for-stm32.11.3.rel1.win32_1.1.100.202309141235/tools/bin/../lib/gcc/arm-none-eabi/11.3.1/../../../../arm-none-eabi/lib/thumb/v7e-m+fp/hard\libc_nano.a(libc_a-exit.o)
                              C:/Program Files/ST/STM32CubeIDE_1.14.0/STM32CubeIDE/plugins/com.st.stm32cube.ide.mcu.externaltools.gnu-tools-for-stm32.11.3.rel1.win32_1.1.100.202309141235/tools/bin/../lib/gcc/arm-none-eabi/11.3.1/../../../../arm-none-eabi/lib/thumb/v7e-m+fp/hard/crt0.o (exit)
C:/Program Files/ST/STM32CubeIDE_1.14.0/STM32CubeIDE/plugins/com.st.stm32cube.ide.mcu.externaltools.gnu-tools-for-stm32.11.3.rel1.win32_1.1.100.202309141235/tools/bin/../lib/gcc/arm-none-eabi/11.3.1/../../../../arm-none-eabi/lib/thumb/v7e-m+fp/hard\libc_nano.a(libc_a-findfp.o)
                              C:/Program Files/ST/STM32CubeIDE_1.14.0/STM32CubeIDE/plugins/com.st.stm32cube.ide.mcu.externaltools.gnu-tools-for-stm32.11.3.rel1.win32_1.1.100.202309141235/tools/bin/../lib/gcc/arm-none-eabi/11.3.1/../../../../arm-none-eabi/lib/thumb/v7e-m+fp/hard\libc_nano.a(libc_a-exit.o) (__stdio_exit_handler)
C:/Program Files/ST/STM32CubeIDE_1.14.0/STM32CubeIDE/plugins/com.st.stm32cube.ide.mcu.externaltools.gnu-tools-for-stm32.11.3.rel1.win32_1.1.100.202309141235/tools/bin/../lib/gcc/arm-none-eabi/11.3.1/../../../../arm-none-eabi/lib/thumb/v7e-m+fp/hard\libc_nano.a(libc_a-fwalk.o)
                              C:/Program Files/ST/STM32CubeIDE_1.14.0/STM32CubeIDE/plugins/com.st.stm32cube.ide.mcu.externaltools.gnu-tools-for-stm32.11.3.rel1.win32_1.1.100.202309141235/tools/bin/../lib/gcc/arm-none-eabi/11.3.1/../../../../arm-none-eabi/lib/thumb/v7e-m+fp/hard\libc_nano.a(libc_a-findfp.o) (_fwalk_sglue)
C:/Program Files/ST/STM32CubeIDE_1.14.0/STM32CubeIDE/plugins/com.st.stm32cube.ide.mcu.externaltools.gnu-tools-for-stm32.11.3.rel1.win32_1.1.100.202309141235/tools/bin/../lib/gcc/arm-none-eabi/11.3.1/../../../../arm-none-eabi/lib/thumb/v7e-m+fp/hard\libc_nano.a(libc_a-stdio.o)
                              C:/Program Files/ST/STM32CubeIDE_1.14.0/STM32CubeIDE/plugins/com.st.stm32cube.ide.mcu.externaltools.gnu-tools-for-stm32.11.3.rel1.win32_1.1.100.202309141235/tools/bin/../lib/gcc/arm-none-eabi/11.3.1/../../../../arm-none-eabi/lib/thumb/v7e-m+fp/hard\libc_nano.a(libc_a-findfp.o) (__sread)
C:/Program Files/ST/STM32CubeIDE_1.14.0/STM32CubeIDE/plugins/com.st.stm32cube.ide.mcu.externaltools.gnu-tools-for-stm32.11.3.rel1.win32_1.1.100.202309141235/tools/bin/../lib/gcc/arm-none-eabi/11.3.1/../../../../arm-none-eabi/lib/thumb/v7e-m+fp/hard\libc_nano.a(libc_a-memset.o)
                              C:/Program Files/ST/STM32CubeIDE_1.14.0/STM32CubeIDE/plugins/com.st.stm32cube.ide.mcu.externaltools.gnu-tools-for-stm32.11.3.rel1.win32_1.1.100.202309141235/tools/bin/../lib/gcc/arm-none-eabi/11.3.1/../../../../arm-none-eabi/lib/thumb/v7e-m+fp/hard/crt0.o (memset)
C:/Program Files/ST/STM32CubeIDE_1.14.0/STM32CubeIDE/plugins/com.st.stm32cube.ide.mcu.externaltools.gnu-tools-for-stm32.11.3.rel1.win32_1.1.100.202309141235/tools/bin/../lib/gcc/arm-none-eabi/11.3.1/../../../../arm-none-eabi/lib/thumb/v7e-m+fp/hard\libc_nano.a(libc_a-closer.o)
                              C:/Program Files/ST/STM32CubeIDE_1.14.0/STM32CubeIDE/plugins/com.st.stm32cube.ide.mcu.externaltools.gnu-tools-for-stm32.11.3.rel1.win32_1.1.100.202309141235/tools/bin/../lib/gcc/arm-none-eabi/11.3.1/../../../../arm-none-eabi/lib/thumb/v7e-m+fp/hard\libc_nano.a(libc_a-stdio.o) (_close_r)
C:/Program Files/ST/STM32CubeIDE_1.14.0/STM32CubeIDE/plugins/com.st.stm32cube.ide.mcu.externaltools.gnu-tools-for-stm32.11.3.rel1.win32_1.1.100.202309141235/tools/bin/../lib/gcc/arm-none-eabi/11.3.1/../../../../arm-none-eabi/lib/thumb/v7e-m+fp/hard\libc_nano.a(libc_a-reent.o)
                              C:/Program Files/ST/STM32CubeIDE_1.14.0/STM32CubeIDE/plugins/com.st.stm32cube.ide.mcu.externaltools.gnu-tools-for-stm32.11.3.rel1.win32_1.1.100.202309141235/tools/bin/../lib/gcc/arm-none-eabi/11.3.1/../../../../arm-none-eabi/lib/thumb/v7e-m+fp/hard\libc_nano.a(libc_a-closer.o) (errno)
C:/Program Files/ST/STM32CubeIDE_1.14.0/STM32CubeIDE/plugins/com.st.stm32cube.ide.mcu.externaltools.gnu-tools-for-stm32.11.3.rel1.win32_1.1.100.202309141235/tools/bin/../lib/gcc/arm-none-eabi/11.3.1/../../../../arm-none-eabi/lib/thumb/v7e-m+fp/hard\libc_nano.a(libc_a-impure.o)
                              C:/Program Files/ST/STM32CubeIDE_1.14.0/STM32CubeIDE/plugins/com.st.stm32cube.ide.mcu.externaltools.gnu-tools-for-stm32.11.3.rel1.win32_1.1.100.202309141235/tools/bin/../lib/gcc/arm-none-eabi/11.3.1/../../../../arm-none-eabi/lib/thumb/v7e-m+fp/hard\libc_nano.a(libc_a-reent.o) (_impure_ptr)
[...]
Memory Configuration

Name             Origin             Length             Attributes
RAM              0x0000000020000000 0x0000000000020000 xrw
FLASH            0x0000000008000000 0x0000000000080000 xr
*default*        0x0000000000000000 0xffffffffffffffff

Linker script and memory map

LOAD C:/Program Files/ST/STM32CubeIDE_1.14.0/STM32CubeIDE/plugins/com.st.stm32cube.ide.mcu.externaltools.gnu-tools-for-stm32.11.3.rel1.win32_1.1.100.202309141235/tools/bin/../lib/gcc/arm-none-eabi/11.3.1/thumb/v7e-m+fp/hard/crti.o
LOAD C:/Program Files/ST/STM32CubeIDE_1.14.0/STM32CubeIDE/plugins/com.st.stm32cube.ide.mcu.externaltools.gnu-tools-for-stm32.11.3.rel1.win32_1.1.100.202309141235/tools/bin/../lib/gcc/arm-none-eabi/11.3.1/thumb/v7e-m+fp/hard/crtbegin.o
LOAD C:/Program Files/ST/STM32CubeIDE_1.14.0/STM32CubeIDE/plugins/com.st.stm32cube.ide.mcu.externaltools.gnu-tools-for-stm32.11.3.rel1.win32_1.1.100.202309141235/tools/bin/../lib/gcc/arm-none-eabi/11.3.1/../../../../arm-none-eabi/lib/thumb/v7e-m+fp/hard/crt0.o
LOAD ./Core/Src/InterruptHandler.o
LOAD ./Core/Src/SysTickDelay.o
LOAD ./Core/Src/main.o
LOAD ./Core/Src/syscalls.o
LOAD ./Core/Src/sysmem.o
LOAD ./Core/Src/system_stm32f4xx.o
LOAD ./Core/Startup/startup_stm32f446retx.o
START GROUP
LOAD C:/Program Files/ST/STM32CubeIDE_1.14.0/STM32CubeIDE/plugins/com.st.stm32cube.ide.mcu.externaltools.gnu-tools-for-stm32.11.3.rel1.win32_1.1.100.202309141235/tools/bin/../lib/gcc/arm-none-eabi/11.3.1/../../../../arm-none-eabi/lib/thumb/v7e-m+fp/hard\libc_nano.a
LOAD C:/Program Files/ST/STM32CubeIDE_1.14.0/STM32CubeIDE/plugins/com.st.stm32cube.ide.mcu.externaltools.gnu-tools-for-stm32.11.3.rel1.win32_1.1.100.202309141235/tools/bin/../lib/gcc/arm-none-eabi/11.3.1/../../../../arm-none-eabi/lib/thumb/v7e-m+fp/hard\libm.a
END GROUP
START GROUP
LOAD C:/Program Files/ST/STM32CubeIDE_1.14.0/STM32CubeIDE/plugins/com.st.stm32cube.ide.mcu.externaltools.gnu-tools-for-stm32.11.3.rel1.win32_1.1.100.202309141235/tools/bin/../lib/gcc/arm-none-eabi/11.3.1/thumb/v7e-m+fp/hard\libgcc.a
LOAD C:/Program Files/ST/STM32CubeIDE_1.14.0/STM32CubeIDE/plugins/com.st.stm32cube.ide.mcu.externaltools.gnu-tools-for-stm32.11.3.rel1.win32_1.1.100.202309141235/tools/bin/../lib/gcc/arm-none-eabi/11.3.1/../../../../arm-none-eabi/lib/thumb/v7e-m+fp/hard\libc_nano.a
END GROUP
START GROUP
LOAD C:/Program Files/ST/STM32CubeIDE_1.14.0/STM32CubeIDE/plugins/com.st.stm32cube.ide.mcu.externaltools.gnu-tools-for-stm32.11.3.rel1.win32_1.1.100.202309141235/tools/bin/../lib/gcc/arm-none-eabi/11.3.1/thumb/v7e-m+fp/hard\libgcc.a
LOAD C:/Program Files/ST/STM32CubeIDE_1.14.0/STM32CubeIDE/plugins/com.st.stm32cube.ide.mcu.externaltools.gnu-tools-for-stm32.11.3.rel1.win32_1.1.100.202309141235/tools/bin/../lib/gcc/arm-none-eabi/11.3.1/../../../../arm-none-eabi/lib/thumb/v7e-m+fp/hard\libc_nano.a
LOAD C:/Program Files/ST/STM32CubeIDE_1.14.0/STM32CubeIDE/plugins/com.st.stm32cube.ide.mcu.externaltools.gnu-tools-for-stm32.11.3.rel1.win32_1.1.100.202309141235/tools/bin/../lib/gcc/arm-none-eabi/11.3.1/../../../../arm-none-eabi/lib/thumb/v7e-m+fp/hard\libnosys.a
END GROUP
START GROUP
LOAD C:/Program Files/ST/STM32CubeIDE_1.14.0/STM32CubeIDE/plugins/com.st.stm32cube.ide.mcu.externaltools.gnu-tools-for-stm32.11.3.rel1.win32_1.1.100.202309141235/tools/bin/../lib/gcc/arm-none-eabi/11.3.1/thumb/v7e-m+fp/hard\libgcc.a
LOAD C:/Program Files/ST/STM32CubeIDE_1.14.0/STM32CubeIDE/plugins/com.st.stm32cube.ide.mcu.externaltools.gnu-tools-for-stm32.11.3.rel1.win32_1.1.100.202309141235/tools/bin/../lib/gcc/arm-none-eabi/11.3.1/../../../../arm-none-eabi/lib/thumb/v7e-m+fp/hard\libc_nano.a
LOAD C:/Program Files/ST/STM32CubeIDE_1.14.0/STM32CubeIDE/plugins/com.st.stm32cube.ide.mcu.externaltools.gnu-tools-for-stm32.11.3.rel1.win32_1.1.100.202309141235/tools/bin/../lib/gcc/arm-none-eabi/11.3.1/../../../../arm-none-eabi/lib/thumb/v7e-m+fp/hard\libnosys.a
END GROUP
LOAD C:/Program Files/ST/STM32CubeIDE_1.14.0/STM32CubeIDE/plugins/com.st.stm32cube.ide.mcu.externaltools.gnu-tools-for-stm32.11.3.rel1.win32_1.1.100.202309141235/tools/bin/../lib/gcc/arm-none-eabi/11.3.1/thumb/v7e-m+fp/hard/crtend.o
LOAD C:/Program Files/ST/STM32CubeIDE_1.14.0/STM32CubeIDE/plugins/com.st.stm32cube.ide.mcu.externaltools.gnu-tools-for-stm32.11.3.rel1.win32_1.1.100.202309141235/tools/bin/../lib/gcc/arm-none-eabi/11.3.1/thumb/v7e-m+fp/hard/crtn.o
                0x0000000020020000                _estack = (ORIGIN (RAM) + LENGTH (RAM))
                0x0000000000000200                _Min_Heap_Size = 0x200
                0x0000000000000400                _Min_Stack_Size = 0x400

.isr_vector     0x0000000008000000      0x1c4
                0x0000000008000000                . = ALIGN (0x4)
 *(.isr_vector)
 .isr_vector    0x0000000008000000      0x1c4 ./Core/Startup/startup_stm32f446retx.o
                0x0000000008000000                g_pfnVectors
                0x00000000080001c4                . = ALIGN (0x4)

.text           0x00000000080001c4      0x4f8
                0x00000000080001c4                . = ALIGN (0x4)
 *(.text)
 .text          0x00000000080001c4       0x40 C:/Program Files/ST/STM32CubeIDE_1.14.0/STM32CubeIDE/plugins/com.st.stm32cube.ide.mcu.externaltools.gnu-tools-for-stm32.11.3.rel1.win32_1.1.100.202309141235/tools/bin/../lib/gcc/arm-none-eabi/11.3.1/thumb/v7e-m+fp/hard/crtbegin.o
 *(.text*)
 .text.__NVIC_EnableIRQ
                0x0000000008000204       0x3c ./Core/Src/InterruptHandler.o
 .text.__NVIC_SetPriority
                0x0000000008000240       0x54 ./Core/Src/InterruptHandler.o
 .text.InterruptInit
                0x0000000008000294       0x60 ./Core/Src/InterruptHandler.o
                0x0000000008000294                InterruptInit
 .text.EXTI4_IRQHandler
                0x00000000080002f4       0x40 ./Core/Src/InterruptHandler.o
                0x00000000080002f4                EXTI4_IRQHandler
 .text.SysTick_Init
                0x0000000008000334       0x34 ./Core/Src/SysTickDelay.o
                0x0000000008000334                SysTick_Init
 .text.SysTick_Delay
                0x0000000008000368       0x40 ./Core/Src/SysTickDelay.o
                0x0000000008000368                SysTick_Delay
 .text.SysTick_Delay10ms
                0x00000000080003a8       0x40 ./Core/Src/SysTickDelay.o
                0x00000000080003a8                SysTick_Delay10ms
 .text.main     0x00000000080003e8       0x28 ./Core/Src/main.o
                0x00000000080003e8                main
 .text.GPIO_init
                0x0000000008000410       0x7c ./Core/Src/main.o
                0x0000000008000410                GPIO_init
 .text.SosSignal
                0x000000000800048c      0x158 ./Core/Src/main.o
                0x000000000800048c                SosSignal
 .text.SystemInit
                0x00000000080005e4       0x24 ./Core/Src/system_stm32f4xx.o
                0x00000000080005e4                SystemInit
 .text.Reset_Handler
                0x0000000008000608       0x50 ./Core/Startup/startup_stm32f446retx.o
                0x0000000008000608                Reset_Handler
 .text.Default_Handler
                0x0000000008000658        0x2 ./Core/Startup/startup_stm32f446retx.o
                0x0000000008000658                RTC_Alarm_IRQHandler
                0x0000000008000658                EXTI2_IRQHandler
                0x0000000008000658                TIM8_CC_IRQHandler
                0x0000000008000658                DebugMon_Handler
                0x0000000008000658                FMPI2C1_EV_IRQHandler
                0x0000000008000658                SPI4_IRQHandler
                0x0000000008000658                TIM1_CC_IRQHandler
                0x0000000008000658                DMA2_Stream5_IRQHandler
                0x0000000008000658                HardFault_Handler
                0x0000000008000658                DMA1_Stream5_IRQHandler
                0x0000000008000658                SysTick_Handler
                0x0000000008000658                PVD_IRQHandler
                0x0000000008000658                SDIO_IRQHandler
                0x0000000008000658                TAMP_STAMP_IRQHandler
                0x0000000008000658                PendSV_Handler
                0x0000000008000658                NMI_Handler
                0x0000000008000658                CAN2_RX1_IRQHandler
                0x0000000008000658                EXTI3_IRQHandler
                0x0000000008000658                TIM8_TRG_COM_TIM14_IRQHandler
                0x0000000008000658                TIM1_UP_TIM10_IRQHandler
                0x0000000008000658                TIM8_UP_TIM13_IRQHandler
                0x0000000008000658                I2C3_ER_IRQHandler
                0x0000000008000658                EXTI0_IRQHandler
                0x0000000008000658                I2C2_EV_IRQHandler
                0x0000000008000658                DMA1_Stream2_IRQHandler
                0x0000000008000658                CAN1_RX0_IRQHandler
                0x0000000008000658                FPU_IRQHandler
                0x0000000008000658                OTG_HS_WKUP_IRQHandler
                0x0000000008000658                UsageFault_Handler
                0x0000000008000658                CAN2_SCE_IRQHandler
                0x0000000008000658                DMA2_Stream2_IRQHandler
                0x0000000008000658                SPI1_IRQHandler
                0x0000000008000658                TIM6_DAC_IRQHandler
                0x0000000008000658                TIM1_BRK_TIM9_IRQHandler
                0x0000000008000658                DCMI_IRQHandler
                0x0000000008000658                CAN2_RX0_IRQHandler
                0x0000000008000658                DMA2_Stream3_IRQHandler
                0x0000000008000658                SAI2_IRQHandler
                0x0000000008000658                USART6_IRQHandler
                0x0000000008000658                USART3_IRQHandler
                0x0000000008000658                CAN1_RX1_IRQHandler
                0x0000000008000658                UART5_IRQHandler
                0x0000000008000658                DMA2_Stream0_IRQHandler
                0x0000000008000658                TIM4_IRQHandler
                0x0000000008000658                QUADSPI_IRQHandler
                0x0000000008000658                I2C1_EV_IRQHandler
                0x0000000008000658                DMA1_Stream6_IRQHandler
                0x0000000008000658                DMA1_Stream1_IRQHandler
                0x0000000008000658                UART4_IRQHandler
                0x0000000008000658                TIM3_IRQHandler
                0x0000000008000658                RCC_IRQHandler
                0x0000000008000658                TIM8_BRK_TIM12_IRQHandler
                0x0000000008000658                Default_Handler
                0x0000000008000658                CEC_IRQHandler
                0x0000000008000658                EXTI15_10_IRQHandler
                0x0000000008000658                ADC_IRQHandler
                0x0000000008000658                DMA1_Stream7_IRQHandler
                0x0000000008000658                TIM7_IRQHandler
                0x0000000008000658                CAN2_TX_IRQHandler
                0x0000000008000658                TIM5_IRQHandler
                0x0000000008000658                DMA2_Stream7_IRQHandler
                0x0000000008000658                I2C3_EV_IRQHandler
                0x0000000008000658                EXTI9_5_IRQHandler
                0x0000000008000658                RTC_WKUP_IRQHandler
                0x0000000008000658                SPDIF_RX_IRQHandler
                0x0000000008000658                SPI2_IRQHandler
                0x0000000008000658                OTG_HS_EP1_IN_IRQHandler
                0x0000000008000658                MemManage_Handler
                0x0000000008000658                DMA1_Stream0_IRQHandler
                0x0000000008000658                CAN1_TX_IRQHandler
                0x0000000008000658                SVC_Handler
                0x0000000008000658                FMPI2C1_ER_IRQHandler
                0x0000000008000658                OTG_HS_EP1_OUT_IRQHandler
                0x0000000008000658                WWDG_IRQHandler
                0x0000000008000658                TIM2_IRQHandler
                0x0000000008000658                OTG_FS_WKUP_IRQHandler
                0x0000000008000658                TIM1_TRG_COM_TIM11_IRQHandler
                0x0000000008000658                OTG_HS_IRQHandler
                0x0000000008000658                EXTI1_IRQHandler
                0x0000000008000658                USART2_IRQHandler
                0x0000000008000658                I2C2_ER_IRQHandler
                0x0000000008000658                DMA2_Stream1_IRQHandler
                0x0000000008000658                CAN1_SCE_IRQHandler
                0x0000000008000658                FLASH_IRQHandler
                0x0000000008000658                DMA2_Stream4_IRQHandler
                0x0000000008000658                BusFault_Handler
                0x0000000008000658                USART1_IRQHandler
                0x0000000008000658                OTG_FS_IRQHandler
                0x0000000008000658                SPI3_IRQHandler
                0x0000000008000658                DMA1_Stream4_IRQHandler
                0x0000000008000658                I2C1_ER_IRQHandler
                0x0000000008000658                FMC_IRQHandler
                0x0000000008000658                DMA2_Stream6_IRQHandler
                0x0000000008000658                SAI1_IRQHandler
                0x0000000008000658                DMA1_Stream3_IRQHandler
 *fill*         0x000000000800065a        0x2 
 .text.__libc_init_array
                0x000000000800065c       0x48 C:/Program Files/ST/STM32CubeIDE_1.14.0/STM32CubeIDE/plugins/com.st.stm32cube.ide.mcu.externaltools.gnu-tools-for-stm32.11.3.rel1.win32_1.1.100.202309141235/tools/bin/../lib/gcc/arm-none-eabi/11.3.1/../../../../arm-none-eabi/lib/thumb/v7e-m+fp/hard\libc_nano.a(libc_a-init.o)
                0x000000000800065c                __libc_init_array
 *(.glue_7)
 .glue_7        0x00000000080006a4        0x0 linker stubs
 *(.glue_7t)
 .glue_7t       0x00000000080006a4        0x0 linker stubs
 *(.eh_frame)
 .eh_frame      0x00000000080006a4        0x0 C:/Program Files/ST/STM32CubeIDE_1.14.0/STM32CubeIDE/plugins/com.st.stm32cube.ide.mcu.externaltools.gnu-tools-for-stm32.11.3.rel1.win32_1.1.100.202309141235/tools/bin/../lib/gcc/arm-none-eabi/11.3.1/thumb/v7e-m+fp/hard/crtbegin.o
 *(.init)
 .init          0x00000000080006a4        0x4 C:/Program Files/ST/STM32CubeIDE_1.14.0/STM32CubeIDE/plugins/com.st.stm32cube.ide.mcu.externaltools.gnu-tools-for-stm32.11.3.rel1.win32_1.1.100.202309141235/tools/bin/../lib/gcc/arm-none-eabi/11.3.1/thumb/v7e-m+fp/hard/crti.o
                0x00000000080006a4                _init
 .init          0x00000000080006a8        0x8 C:/Program Files/ST/STM32CubeIDE_1.14.0/STM32CubeIDE/plugins/com.st.stm32cube.ide.mcu.externaltools.gnu-tools-for-stm32.11.3.rel1.win32_1.1.100.202309141235/tools/bin/../lib/gcc/arm-none-eabi/11.3.1/thumb/v7e-m+fp/hard/crtn.o
 *(.fini)
 .fini          0x00000000080006b0        0x4 C:/Program Files/ST/STM32CubeIDE_1.14.0/STM32CubeIDE/plugins/com.st.stm32cube.ide.mcu.externaltools.gnu-tools-for-stm32.11.3.rel1.win32_1.1.100.202309141235/tools/bin/../lib/gcc/arm-none-eabi/11.3.1/thumb/v7e-m+fp/hard/crti.o
                0x00000000080006b0                _fini
 .fini          0x00000000080006b4        0x8 C:/Program Files/ST/STM32CubeIDE_1.14.0/STM32CubeIDE/plugins/com.st.stm32cube.ide.mcu.externaltools.gnu-tools-for-stm32.11.3.rel1.win32_1.1.100.202309141235/tools/bin/../lib/gcc/arm-none-eabi/11.3.1/thumb/v7e-m+fp/hard/crtn.o
                0x00000000080006bc                . = ALIGN (0x4)
                0x00000000080006bc                _etext = .

.vfp11_veneer   0x00000000080006bc        0x0
 .vfp11_veneer  0x00000000080006bc        0x0 linker stubs

.v4_bx          0x00000000080006bc        0x0
 .v4_bx         0x00000000080006bc        0x0 linker stubs

.iplt           0x00000000080006bc        0x0
 .iplt          0x00000000080006bc        0x0 C:/Program Files/ST/STM32CubeIDE_1.14.0/STM32CubeIDE/plugins/com.st.stm32cube.ide.mcu.externaltools.gnu-tools-for-stm32.11.3.rel1.win32_1.1.100.202309141235/tools/bin/../lib/gcc/arm-none-eabi/11.3.1/thumb/v7e-m+fp/hard/crtbegin.o

.rel.dyn        0x00000000080006bc        0x0
 .rel.iplt      0x00000000080006bc        0x0 C:/Program Files/ST/STM32CubeIDE_1.14.0/STM32CubeIDE/plugins/com.st.stm32cube.ide.mcu.externaltools.gnu-tools-for-stm32.11.3.rel1.win32_1.1.100.202309141235/tools/bin/../lib/gcc/arm-none-eabi/11.3.1/thumb/v7e-m+fp/hard/crtbegin.o

.rodata         0x00000000080006bc        0x0
                0x00000000080006bc                . = ALIGN (0x4)
 *(.rodata)
 *(.rodata*)
                0x00000000080006bc                . = ALIGN (0x4)

.ARM.extab      0x00000000080006bc        0x0
                0x00000000080006bc                . = ALIGN (0x4)
 *(.ARM.extab* .gnu.linkonce.armextab.*)
                0x00000000080006bc                . = ALIGN (0x4)

.ARM            0x00000000080006bc        0x0
                0x00000000080006bc                . = ALIGN (0x4)
                0x00000000080006bc                __exidx_start = .
 *(.ARM.exidx*)
                0x00000000080006bc                __exidx_end = .
                0x00000000080006bc                . = ALIGN (0x4)

.preinit_array  0x00000000080006bc        0x0
                0x00000000080006bc                . = ALIGN (0x4)
                0x00000000080006bc                PROVIDE (__preinit_array_start = .)
 *(.preinit_array*)
                0x00000000080006bc                PROVIDE (__preinit_array_end = .)
                0x00000000080006bc                . = ALIGN (0x4)

.init_array     0x00000000080006bc        0x4
                0x00000000080006bc                . = ALIGN (0x4)
                0x00000000080006bc                PROVIDE (__init_array_start = .)
 *(SORT_BY_NAME(.init_array.*))
 *(.init_array*)
 .init_array    0x00000000080006bc        0x4 C:/Program Files/ST/STM32CubeIDE_1.14.0/STM32CubeIDE/plugins/com.st.stm32cube.ide.mcu.externaltools.gnu-tools-for-stm32.11.3.rel1.win32_1.1.100.202309141235/tools/bin/../lib/gcc/arm-none-eabi/11.3.1/thumb/v7e-m+fp/hard/crtbegin.o
                0x00000000080006c0                PROVIDE (__init_array_end = .)
                0x00000000080006c0                . = ALIGN (0x4)

.fini_array     0x00000000080006c0        0x4
                0x00000000080006c0                . = ALIGN (0x4)
                [!provide]                        PROVIDE (__fini_array_start = .)
 *(SORT_BY_NAME(.fini_array.*))
 *(.fini_array*)
 .fini_array    0x00000000080006c0        0x4 C:/Program Files/ST/STM32CubeIDE_1.14.0/STM32CubeIDE/plugins/com.st.stm32cube.ide.mcu.externaltools.gnu-tools-for-stm32.11.3.rel1.win32_1.1.100.202309141235/tools/bin/../lib/gcc/arm-none-eabi/11.3.1/thumb/v7e-m+fp/hard/crtbegin.o
                [!provide]                        PROVIDE (__fini_array_end = .)
                0x00000000080006c4                . = ALIGN (0x4)
                0x00000000080006c4                _sidata = LOADADDR (.data)

.data           0x0000000020000000        0x4 load address 0x00000000080006c4
                0x0000000020000000                . = ALIGN (0x4)
                0x0000000020000000                _sdata = .
 *(.data)
 *(.data*)
 .data.SystemCoreClock
                0x0000000020000000        0x4 ./Core/Src/system_stm32f4xx.o
                0x0000000020000000                SystemCoreClock
 *(.RamFunc)
 *(.RamFunc*)
                0x0000000020000004                . = ALIGN (0x4)
                0x0000000020000004                _edata = .

.igot.plt       0x0000000020000004        0x0 load address 0x00000000080006c8
 .igot.plt      0x0000000020000004        0x0 C:/Program Files/ST/STM32CubeIDE_1.14.0/STM32CubeIDE/plugins/com.st.stm32cube.ide.mcu.externaltools.gnu-tools-for-stm32.11.3.rel1.win32_1.1.100.202309141235/tools/bin/../lib/gcc/arm-none-eabi/11.3.1/thumb/v7e-m+fp/hard/crtbegin.o
                0x0000000020000004                . = ALIGN (0x4)

.bss            0x0000000020000004       0x20 load address 0x00000000080006c8
                0x0000000020000004                _sbss = .
                0x0000000020000004                __bss_start__ = _sbss
 *(.bss)
 .bss           0x0000000020000004       0x1c C:/Program Files/ST/STM32CubeIDE_1.14.0/STM32CubeIDE/plugins/com.st.stm32cube.ide.mcu.externaltools.gnu-tools-for-stm32.11.3.rel1.win32_1.1.100.202309141235/tools/bin/../lib/gcc/arm-none-eabi/11.3.1/thumb/v7e-m+fp/hard/crtbegin.o
 *(.bss*)
 .bss.led_on    0x0000000020000020        0x1 ./Core/Src/InterruptHandler.o
                0x0000000020000020                led_on
 *(COMMON)
                0x0000000020000024                . = ALIGN (0x4)
 *fill*         0x0000000020000021        0x3 
                0x0000000020000024                _ebss = .
                0x0000000020000024                __bss_end__ = _ebss

._user_heap_stack
                0x0000000020000024      0x604 load address 0x00000000080006c8
                0x0000000020000028                . = ALIGN (0x8)
 *fill*         0x0000000020000024        0x4 
                [!provide]                        PROVIDE (end = .)
                0x0000000020000028                PROVIDE (_end = .)
                0x0000000020000228                . = (. + _Min_Heap_Size)
 *fill*         0x0000000020000028      0x200 
                0x0000000020000628                . = (. + _Min_Stack_Size)
 *fill*         0x0000000020000228      0x400 
                0x0000000020000628                . = ALIGN (0x8)

/DISCARD/
 libc.a(*)
 libm.a(*)
 libgcc.a(*)

.ARM.attributes
                0x0000000000000000       0x30
 *(.ARM.attributes)
 .ARM.attributes
                0x0000000000000000       0x1e C:/Program Files/ST/STM32CubeIDE_1.14.0/STM32CubeIDE/plugins/com.st.stm32cube.ide.mcu.externaltools.gnu-tools-for-stm32.11.3.rel1.win32_1.1.100.202309141235/tools/bin/../lib/gcc/arm-none-eabi/11.3.1/thumb/v7e-m+fp/hard/crti.o
 .ARM.attributes
                0x000000000000001e       0x34 C:/Program Files/ST/STM32CubeIDE_1.14.0/STM32CubeIDE/plugins/com.st.stm32cube.ide.mcu.externaltools.gnu-tools-for-stm32.11.3.rel1.win32_1.1.100.202309141235/tools/bin/../lib/gcc/arm-none-eabi/11.3.1/thumb/v7e-m+fp/hard/crtbegin.o
 .ARM.attributes
                0x0000000000000052       0x34 ./Core/Src/InterruptHandler.o
 .ARM.attributes
                0x0000000000000086       0x34 ./Core/Src/SysTickDelay.o
 .ARM.attributes
                0x00000000000000ba       0x34 ./Core/Src/main.o
 .ARM.attributes
                0x00000000000000ee       0x34 ./Core/Src/system_stm32f4xx.o
 .ARM.attributes
                0x0000000000000122       0x21 ./Core/Startup/startup_stm32f446retx.o
 .ARM.attributes
                0x0000000000000143       0x34 C:/Program Files/ST/STM32CubeIDE_1.14.0/STM32CubeIDE/plugins/com.st.stm32cube.ide.mcu.externaltools.gnu-tools-for-stm32.11.3.rel1.win32_1.1.100.202309141235/tools/bin/../lib/gcc/arm-none-eabi/11.3.1/../../../../arm-none-eabi/lib/thumb/v7e-m+fp/hard\libc_nano.a(libc_a-init.o)
 .ARM.attributes
                0x0000000000000177       0x1e C:/Program Files/ST/STM32CubeIDE_1.14.0/STM32CubeIDE/plugins/com.st.stm32cube.ide.mcu.externaltools.gnu-tools-for-stm32.11.3.rel1.win32_1.1.100.202309141235/tools/bin/../lib/gcc/arm-none-eabi/11.3.1/thumb/v7e-m+fp/hard/crtn.o
OUTPUT(SOS_interrupt.elf elf32-littlearm)
LOAD linker stubs
LOAD C:/Program Files/ST/STM32CubeIDE_1.14.0/STM32CubeIDE/plugins/com.st.stm32cube.ide.mcu.externaltools.gnu-tools-for-stm32.11.3.rel1.win32_1.1.100.202309141235/tools/bin/../lib/gcc/arm-none-eabi/11.3.1/../../../../arm-none-eabi/lib/thumb/v7e-m+fp/hard\libc.a
LOAD C:/Program Files/ST/STM32CubeIDE_1.14.0/STM32CubeIDE/plugins/com.st.stm32cube.ide.mcu.externaltools.gnu-tools-for-stm32.11.3.rel1.win32_1.1.100.202309141235/tools/bin/../lib/gcc/arm-none-eabi/11.3.1/../../../../arm-none-eabi/lib/thumb/v7e-m+fp/hard\libm.a
LOAD C:/Program Files/ST/STM32CubeIDE_1.14.0/STM32CubeIDE/plugins/com.st.stm32cube.ide.mcu.externaltools.gnu-tools-for-stm32.11.3.rel1.win32_1.1.100.202309141235/tools/bin/../lib/gcc/arm-none-eabi/11.3.1/thumb/v7e-m+fp/hard\libgcc.a

.comment        0x0000000000000000       0x43
 .comment       0x0000000000000000       0x43 C:/Program Files/ST/STM32CubeIDE_1.14.0/STM32CubeIDE/plugins/com.st.stm32cube.ide.mcu.externaltools.gnu-tools-for-stm32.11.3.rel1.win32_1.1.100.202309141235/tools/bin/../lib/gcc/arm-none-eabi/11.3.1/thumb/v7e-m+fp/hard/crtbegin.o
                                         0x44 (size before relaxing)
 .comment       0x0000000000000043       0x44 ./Core/Src/InterruptHandler.o
 .comment       0x0000000000000043       0x44 ./Core/Src/SysTickDelay.o
 .comment       0x0000000000000043       0x44 ./Core/Src/main.o
 .comment       0x0000000000000043       0x44 ./Core/Src/system_stm32f4xx.o

.debug_info     0x0000000000000000     0x1326
 .debug_info    0x0000000000000000      0x97f ./Core/Src/InterruptHandler.o
 .debug_info    0x000000000000097f       0xfa ./Core/Src/SysTickDelay.o
 .debug_info    0x0000000000000a79      0x347 ./Core/Src/main.o
 .debug_info    0x0000000000000dc0      0x543 ./Core/Src/system_stm32f4xx.o
 .debug_info    0x0000000000001303       0x23 ./Core/Startup/startup_stm32f446retx.o

.debug_abbrev   0x0000000000000000      0x4ac
 .debug_abbrev  0x0000000000000000      0x193 ./Core/Src/InterruptHandler.o
 .debug_abbrev  0x0000000000000193       0xc0 ./Core/Src/SysTickDelay.o
 .debug_abbrev  0x0000000000000253      0x12d ./Core/Src/main.o
 .debug_abbrev  0x0000000000000380      0x11a ./Core/Src/system_stm32f4xx.o
 .debug_abbrev  0x000000000000049a       0x12 ./Core/Startup/startup_stm32f446retx.o

.debug_aranges  0x0000000000000000       0xe8
 .debug_aranges
                0x0000000000000000       0x38 ./Core/Src/InterruptHandler.o
 .debug_aranges
                0x0000000000000038       0x30 ./Core/Src/SysTickDelay.o
 .debug_aranges
                0x0000000000000068       0x30 ./Core/Src/main.o
 .debug_aranges
                0x0000000000000098       0x28 ./Core/Src/system_stm32f4xx.o
 .debug_aranges
                0x00000000000000c0       0x28 ./Core/Startup/startup_stm32f446retx.o

.debug_rnglists
                0x0000000000000000       0x97
 .debug_rnglists
                0x0000000000000000       0x25 ./Core/Src/InterruptHandler.o
 .debug_rnglists
                0x0000000000000025       0x1f ./Core/Src/SysTickDelay.o
 .debug_rnglists
                0x0000000000000044       0x20 ./Core/Src/main.o
 .debug_rnglists
                0x0000000000000064       0x1a ./Core/Src/system_stm32f4xx.o
 .debug_rnglists
                0x000000000000007e       0x19 ./Core/Startup/startup_stm32f446retx.o

.debug_macro    0x0000000000000000    0x18d10
 .debug_macro   0x0000000000000000       0xd8 ./Core/Src/InterruptHandler.o
 .debug_macro   0x00000000000000d8      0xaa2 ./Core/Src/InterruptHandler.o
 .debug_macro   0x0000000000000b7a       0x2e ./Core/Src/InterruptHandler.o
 .debug_macro   0x0000000000000ba8       0x28 ./Core/Src/InterruptHandler.o
 .debug_macro   0x0000000000000bd0       0x22 ./Core/Src/InterruptHandler.o
 .debug_macro   0x0000000000000bf2       0x8e ./Core/Src/InterruptHandler.o
 .debug_macro   0x0000000000000c80       0x51 ./Core/Src/InterruptHandler.o
 .debug_macro   0x0000000000000cd1      0x103 ./Core/Src/InterruptHandler.o
 .debug_macro   0x0000000000000dd4       0x6a ./Core/Src/InterruptHandler.o
 .debug_macro   0x0000000000000e3e      0x1df ./Core/Src/InterruptHandler.o
 .debug_macro   0x000000000000101d       0x1c ./Core/Src/InterruptHandler.o
 .debug_macro   0x0000000000001039       0x22 ./Core/Src/InterruptHandler.o
 .debug_macro   0x000000000000105b       0xfb ./Core/Src/InterruptHandler.o
 .debug_macro   0x0000000000001156     0x1011 ./Core/Src/InterruptHandler.o
 .debug_macro   0x0000000000002167      0x11f ./Core/Src/InterruptHandler.o
 .debug_macro   0x0000000000002286    0x16749 ./Core/Src/InterruptHandler.o
 .debug_macro   0x00000000000189cf       0x6d ./Core/Src/InterruptHandler.o
 .debug_macro   0x0000000000018a3c       0xdd ./Core/Src/SysTickDelay.o
 .debug_macro   0x0000000000018b19       0x16 ./Core/Src/SysTickDelay.o
 .debug_macro   0x0000000000018b2f       0xeb ./Core/Src/main.o
 .debug_macro   0x0000000000018c1a       0x1c ./Core/Src/main.o
 .debug_macro   0x0000000000018c36       0xda ./Core/Src/system_stm32f4xx.o

.debug_line     0x0000000000000000     0x19f4
 .debug_line    0x0000000000000000      0x66e ./Core/Src/InterruptHandler.o
 .debug_line    0x000000000000066e      0x644 ./Core/Src/SysTickDelay.o
 .debug_line    0x0000000000000cb2      0x68d ./Core/Src/main.o
 .debug_line    0x000000000000133f      0x63b ./Core/Src/system_stm32f4xx.o
 .debug_line    0x000000000000197a       0x7a ./Core/Startup/startup_stm32f446retx.o

.debug_str      0x0000000000000000    0x8b848
 .debug_str     0x0000000000000000    0x8b5f6 ./Core/Src/InterruptHandler.o
                                      0x8b7cf (size before relaxing)
 .debug_str     0x000000000008b5f6      0x101 ./Core/Src/SysTickDelay.o
                                      0x8b0fb (size before relaxing)
 .debug_str     0x000000000008b6f7       0x68 ./Core/Src/main.o
                                      0x8b27b (size before relaxing)
 .debug_str     0x000000000008b75f       0xb5 ./Core/Src/system_stm32f4xx.o
                                      0x8b246 (size before relaxing)
 .debug_str     0x000000000008b814       0x34 ./Core/Startup/startup_stm32f446retx.o
                                         0x74 (size before relaxing)

.debug_frame    0x0000000000000000      0x204
 .debug_frame   0x0000000000000000       0x9c ./Core/Src/InterruptHandler.o
 .debug_frame   0x000000000000009c       0x7c ./Core/Src/SysTickDelay.o
 .debug_frame   0x0000000000000118       0x68 ./Core/Src/main.o
 .debug_frame   0x0000000000000180       0x58 ./Core/Src/system_stm32f4xx.o
 .debug_frame   0x00000000000001d8       0x2c C:/Program Files/ST/STM32CubeIDE_1.14.0/STM32CubeIDE/plugins/com.st.stm32cube.ide.mcu.externaltools.gnu-tools-for-stm32.11.3.rel1.win32_1.1.100.202309141235/tools/bin/../lib/gcc/arm-none-eabi/11.3.1/../../../../arm-none-eabi/lib/thumb/v7e-m+fp/hard\libc_nano.a(libc_a-init.o)

.debug_line_str
                0x0000000000000000       0x68
 .debug_line_str
                0x0000000000000000       0x68 ./Core/Startup/startup_stm32f446retx.o
                                         0x80 (size before relaxing)
